[maylox.live/how-to/indexebe6.html]
[backblue.gif]
[fade.gif]
[index.html]
[maylox.live/wp-includes/css/dist/block-library/style.min1e39.css]
[maylox.live/wp-content/themes/newsmatic/assets/lib/fontawesome/css/all.min52d5.css]
[maylox.live/wp-content/themes/newsmatic/assets/lib/slick/slickc245.css]
[maylox.live/wp-content/fonts/e3372bf7dc26a5f5cc36c558cb946d81.css]
[maylox.live/wp-content/themes/newsmatic/style70e3.css]
[maylox.live/wp-content/themes/newsmatic/assets/css/loader70e3.css]
[maylox.live/wp-content/themes/newsmatic/assets/css/main70e3.css]
[maylox.live/wp-content/themes/newsmatic/assets/css/responsive70e3.css]
[maylox.live/wp-includes/js/jquery/jquery-migrate.min5589.js]
[maylox.live/wp-includes/js/jquery/jquery.minf43b.js]
[maylox.live/wp-content/uploads/2023/05/roblox-free-items-300x157-1.jpg]
[maylox.live/how-to/index.html]
[maylox.live/wp-content/uploads/2023/04/Get-Started-300x60.gif]
[maylox.live/wp-content/themes/newsmatic/assets/lib/slick/slick.minc245.js]
[maylox.live/wp-content/themes/newsmatic/assets/lib/js-marquee/jquery.marquee.minaff7.js]
[maylox.live/wp-content/themes/newsmatic/assets/js/navigation70e3.js]
[maylox.live/wp-content/themes/newsmatic/assets/lib/jquery-cookie/jquery-cookie330a.js]
[maylox.live/wp-content/themes/newsmatic/assets/js/theme70e3.js]
[maylox.live/wp-content/themes/newsmatic/assets/lib/waypoint/jquery.waypoint.minf39e.js]
[maylox.live/how-to/indexebe6.html]
[maylox.live/wp-includes/css/dist/block-library/style.min1e39.css]
[maylox.live/wp-content/themes/newsmatic/assets/lib/fontawesome/css/all.min52d5.css]
[maylox.live/wp-content/themes/newsmatic/assets/lib/slick/slickc245.css]
[maylox.live/wp-content/fonts/inter/UcC73FwrK3iLTeHuS_fvQtMwCp50KnMa2JL7SUc.woff2]
[maylox.live/wp-content/fonts/inter/UcC73FwrK3iLTeHuS_fvQtMwCp50KnMa0ZL7SUc.woff2]
[maylox.live/wp-content/fonts/inter/UcC73FwrK3iLTeHuS_fvQtMwCp50KnMa2ZL7SUc.woff2]
[maylox.live/wp-content/fonts/inter/UcC73FwrK3iLTeHuS_fvQtMwCp50KnMa1pL7SUc.woff2]
[maylox.live/wp-content/fonts/inter/UcC73FwrK3iLTeHuS_fvQtMwCp50KnMa2pL7SUc.woff2]
[maylox.live/wp-content/fonts/inter/UcC73FwrK3iLTeHuS_fvQtMwCp50KnMa25L7SUc.woff2]
[maylox.live/wp-content/fonts/inter/UcC73FwrK3iLTeHuS_fvQtMwCp50KnMa1ZL7.woff2]
[maylox.live/wp-content/fonts/jost/92zatBhPNqw73oDd4iYl.woff2]
[maylox.live/wp-content/fonts/jost/92zatBhPNqw73ord4iYl.woff2]
[maylox.live/wp-content/fonts/jost/92zatBhPNqw73oTd4g.woff2]
[maylox.live/wp-content/fonts/roboto/KFOlCnqEu92Fr1MmSU5fCRc4EsA.woff2]
[maylox.live/wp-content/fonts/roboto/KFOlCnqEu92Fr1MmSU5fABc4EsA.woff2]
[maylox.live/wp-content/fonts/roboto/KFOlCnqEu92Fr1MmSU5fCBc4EsA.woff2]
[maylox.live/wp-content/fonts/roboto/KFOlCnqEu92Fr1MmSU5fBxc4EsA.woff2]
[maylox.live/wp-content/fonts/roboto/KFOlCnqEu92Fr1MmSU5fCxc4EsA.woff2]
[maylox.live/wp-content/fonts/roboto/KFOlCnqEu92Fr1MmSU5fChc4EsA.woff2]
[maylox.live/wp-content/fonts/roboto/KFOlCnqEu92Fr1MmSU5fBBc4.woff2]
[maylox.live/wp-content/fonts/roboto/KFOmCnqEu92Fr1Mu72xKOzY.woff2]
[maylox.live/wp-content/fonts/roboto/KFOmCnqEu92Fr1Mu5mxKOzY.woff2]
[maylox.live/wp-content/fonts/roboto/KFOmCnqEu92Fr1Mu7mxKOzY.woff2]
[maylox.live/wp-content/fonts/roboto/KFOmCnqEu92Fr1Mu4WxKOzY.woff2]
[maylox.live/wp-content/fonts/roboto/KFOmCnqEu92Fr1Mu7WxKOzY.woff2]
[maylox.live/wp-content/fonts/roboto/KFOmCnqEu92Fr1Mu7GxKOzY.woff2]
[maylox.live/wp-content/fonts/roboto/KFOmCnqEu92Fr1Mu4mxK.woff2]
[maylox.live/wp-content/fonts/roboto/KFOlCnqEu92Fr1MmEU9fCRc4EsA.woff2]
[maylox.live/wp-content/fonts/roboto/KFOlCnqEu92Fr1MmEU9fABc4EsA.woff2]
[maylox.live/wp-content/fonts/roboto/KFOlCnqEu92Fr1MmEU9fCBc4EsA.woff2]
[maylox.live/wp-content/fonts/roboto/KFOlCnqEu92Fr1MmEU9fBxc4EsA.woff2]
[maylox.live/wp-content/fonts/roboto/KFOlCnqEu92Fr1MmEU9fCxc4EsA.woff2]
[maylox.live/wp-content/fonts/roboto/KFOlCnqEu92Fr1MmEU9fChc4EsA.woff2]
[maylox.live/wp-content/fonts/roboto/KFOlCnqEu92Fr1MmEU9fBBc4.woff2]
[maylox.live/wp-content/fonts/roboto/KFOlCnqEu92Fr1MmWUlfCRc4EsA.woff2]
[maylox.live/wp-content/fonts/roboto/KFOlCnqEu92Fr1MmWUlfABc4EsA.woff2]
[maylox.live/wp-content/fonts/roboto/KFOlCnqEu92Fr1MmWUlfCBc4EsA.woff2]
[maylox.live/wp-content/fonts/roboto/KFOlCnqEu92Fr1MmWUlfBxc4EsA.woff2]
[maylox.live/wp-content/fonts/roboto/KFOlCnqEu92Fr1MmWUlfCxc4EsA.woff2]
[maylox.live/wp-content/fonts/roboto/KFOlCnqEu92Fr1MmWUlfChc4EsA.woff2]
[maylox.live/wp-content/fonts/roboto/KFOlCnqEu92Fr1MmWUlfBBc4.woff2]
[maylox.live/wp-content/fonts/roboto/KFOlCnqEu92Fr1MmYUtfCRc4EsA.woff2]
[maylox.live/wp-content/fonts/roboto/KFOlCnqEu92Fr1MmYUtfABc4EsA.woff2]
[maylox.live/wp-content/fonts/roboto/KFOlCnqEu92Fr1MmYUtfCBc4EsA.woff2]
[maylox.live/wp-content/fonts/roboto/KFOlCnqEu92Fr1MmYUtfBxc4EsA.woff2]
[maylox.live/wp-content/fonts/roboto/KFOlCnqEu92Fr1MmYUtfCxc4EsA.woff2]
[maylox.live/wp-content/fonts/roboto/KFOlCnqEu92Fr1MmYUtfChc4EsA.woff2]
[maylox.live/wp-content/fonts/roboto/KFOlCnqEu92Fr1MmYUtfBBc4.woff2]
[maylox.live/wp-content/fonts/e3372bf7dc26a5f5cc36c558cb946d81.css]
[maylox.live/wp-content/themes/newsmatic/style70e3.css]
[maylox.live/wp-content/themes/newsmatic/assets/images/loader/loader_one.gif]
[maylox.live/wp-content/themes/newsmatic/assets/css/main70e3.css]
[maylox.live/wp-content/themes/newsmatic/assets/css/loader70e3.css]
[maylox.live/wp-content/themes/newsmatic/assets/css/responsive70e3.css]
[maylox.live/how-to/index.html]
